// Vitest Snapshot v1, https://vitest.dev/guide/snapshot.html

exports[`2008 > linux > texlive.profile 1`] = `
TEXDIR $RUNNER_TEMP/setup-texlive-action/2008
TEXMFLOCAL $RUNNER_TEMP/setup-texlive-action/texmf-local
TEXMFSYSCONFIG $RUNNER_TEMP/setup-texlive-action/2008/texmf-config
TEXMFSYSVAR $RUNNER_TEMP/setup-texlive-action/2008/texmf-var
TEXMFHOME $RUNNER_TEMP/setup-texlive-action/texmf-local
TEXMFCONFIG $RUNNER_TEMP/setup-texlive-action/2008/texmf-config
TEXMFVAR $RUNNER_TEMP/setup-texlive-action/2008/texmf-var
selected_scheme scheme-minimal
option_symlinks 0
option_autobackup 0
option_doc 0
option_src 0
`;

exports[`2008 > win32 > texlive.profile 1`] = `
TEXDIR $RUNNER_TEMP\\setup-texlive-action\\2008
TEXMFLOCAL $RUNNER_TEMP\\setup-texlive-action\\texmf-local
TEXMFSYSCONFIG $RUNNER_TEMP\\setup-texlive-action\\2008\\texmf-config
TEXMFSYSVAR $RUNNER_TEMP\\setup-texlive-action\\2008\\texmf-var
TEXMFHOME $RUNNER_TEMP\\setup-texlive-action\\texmf-local
TEXMFCONFIG $RUNNER_TEMP\\setup-texlive-action\\2008\\texmf-config
TEXMFVAR $RUNNER_TEMP\\setup-texlive-action\\2008\\texmf-var
selected_scheme scheme-minimal
option_symlinks 0
option_autobackup 0
option_file_assocs 0
option_doc 0
option_src 0
`;

exports[`2009 > linux > texlive.profile 1`] = `
TEXDIR $RUNNER_TEMP/setup-texlive-action/2009
TEXMFLOCAL $RUNNER_TEMP/setup-texlive-action/texmf-local
TEXMFSYSCONFIG $RUNNER_TEMP/setup-texlive-action/2009/texmf-config
TEXMFSYSVAR $RUNNER_TEMP/setup-texlive-action/2009/texmf-var
TEXMFHOME $RUNNER_TEMP/setup-texlive-action/texmf-local
TEXMFCONFIG $RUNNER_TEMP/setup-texlive-action/2009/texmf-config
TEXMFVAR $RUNNER_TEMP/setup-texlive-action/2009/texmf-var
selected_scheme scheme-minimal
option_autobackup 0
option_doc 0
option_src 0
`;

exports[`2009 > win32 > texlive.profile 1`] = `
TEXDIR $RUNNER_TEMP\\setup-texlive-action\\2009
TEXMFLOCAL $RUNNER_TEMP\\setup-texlive-action\\texmf-local
TEXMFSYSCONFIG $RUNNER_TEMP\\setup-texlive-action\\2009\\texmf-config
TEXMFSYSVAR $RUNNER_TEMP\\setup-texlive-action\\2009\\texmf-var
TEXMFHOME $RUNNER_TEMP\\setup-texlive-action\\texmf-local
TEXMFCONFIG $RUNNER_TEMP\\setup-texlive-action\\2009\\texmf-config
TEXMFVAR $RUNNER_TEMP\\setup-texlive-action\\2009\\texmf-var
selected_scheme scheme-minimal
option_autobackup 0
option_desktop_integration 0
option_file_assocs 0
option_w32_multi_user 0
option_doc 0
option_src 0
`;

exports[`2010 > linux > texlive.profile 1`] = `
TEXDIR $RUNNER_TEMP/setup-texlive-action/2010
TEXMFLOCAL $RUNNER_TEMP/setup-texlive-action/texmf-local
TEXMFSYSCONFIG $RUNNER_TEMP/setup-texlive-action/2010/texmf-config
TEXMFSYSVAR $RUNNER_TEMP/setup-texlive-action/2010/texmf-var
TEXMFHOME $RUNNER_TEMP/setup-texlive-action/texmf-local
TEXMFCONFIG $RUNNER_TEMP/setup-texlive-action/2010/texmf-config
TEXMFVAR $RUNNER_TEMP/setup-texlive-action/2010/texmf-var
selected_scheme scheme-minimal
option_autobackup 0
option_doc 0
option_src 0
`;

exports[`2010 > win32 > texlive.profile 1`] = `
TEXDIR $RUNNER_TEMP\\setup-texlive-action\\2010
TEXMFLOCAL $RUNNER_TEMP\\setup-texlive-action\\texmf-local
TEXMFSYSCONFIG $RUNNER_TEMP\\setup-texlive-action\\2010\\texmf-config
TEXMFSYSVAR $RUNNER_TEMP\\setup-texlive-action\\2010\\texmf-var
TEXMFHOME $RUNNER_TEMP\\setup-texlive-action\\texmf-local
TEXMFCONFIG $RUNNER_TEMP\\setup-texlive-action\\2010\\texmf-config
TEXMFVAR $RUNNER_TEMP\\setup-texlive-action\\2010\\texmf-var
selected_scheme scheme-minimal
option_autobackup 0
option_desktop_integration 0
option_file_assocs 0
option_w32_multi_user 0
option_doc 0
option_src 0
`;

exports[`2011 > linux > texlive.profile 1`] = `
TEXDIR $RUNNER_TEMP/setup-texlive-action/2011
TEXMFLOCAL $RUNNER_TEMP/setup-texlive-action/texmf-local
TEXMFSYSCONFIG $RUNNER_TEMP/setup-texlive-action/2011/texmf-config
TEXMFSYSVAR $RUNNER_TEMP/setup-texlive-action/2011/texmf-var
TEXMFHOME $RUNNER_TEMP/setup-texlive-action/texmf-local
TEXMFCONFIG $RUNNER_TEMP/setup-texlive-action/2011/texmf-config
TEXMFVAR $RUNNER_TEMP/setup-texlive-action/2011/texmf-var
selected_scheme scheme-minimal
option_adjustrepo 0
option_autobackup 0
option_doc 0
option_src 0
`;

exports[`2011 > win32 > texlive.profile 1`] = `
TEXDIR $RUNNER_TEMP\\setup-texlive-action\\2011
TEXMFLOCAL $RUNNER_TEMP\\setup-texlive-action\\texmf-local
TEXMFSYSCONFIG $RUNNER_TEMP\\setup-texlive-action\\2011\\texmf-config
TEXMFSYSVAR $RUNNER_TEMP\\setup-texlive-action\\2011\\texmf-var
TEXMFHOME $RUNNER_TEMP\\setup-texlive-action\\texmf-local
TEXMFCONFIG $RUNNER_TEMP\\setup-texlive-action\\2011\\texmf-config
TEXMFVAR $RUNNER_TEMP\\setup-texlive-action\\2011\\texmf-var
selected_scheme scheme-minimal
option_adjustrepo 0
option_autobackup 0
option_desktop_integration 0
option_file_assocs 0
option_w32_multi_user 0
option_doc 0
option_src 0
`;

exports[`2012 > linux > texlive.profile 1`] = `
TEXDIR $RUNNER_TEMP/setup-texlive-action/2012
TEXMFLOCAL $RUNNER_TEMP/setup-texlive-action/texmf-local
TEXMFSYSCONFIG $RUNNER_TEMP/setup-texlive-action/2012/texmf-config
TEXMFSYSVAR $RUNNER_TEMP/setup-texlive-action/2012/texmf-var
TEXMFHOME $RUNNER_TEMP/setup-texlive-action/texmf-local
TEXMFCONFIG $RUNNER_TEMP/setup-texlive-action/2012/texmf-config
TEXMFVAR $RUNNER_TEMP/setup-texlive-action/2012/texmf-var
selected_scheme scheme-minimal
option_adjustrepo 0
option_autobackup 0
option_doc 0
option_src 0
`;

exports[`2012 > win32 > texlive.profile 1`] = `
TEXDIR $RUNNER_TEMP\\setup-texlive-action\\2012
TEXMFLOCAL $RUNNER_TEMP\\setup-texlive-action\\texmf-local
TEXMFSYSCONFIG $RUNNER_TEMP\\setup-texlive-action\\2012\\texmf-config
TEXMFSYSVAR $RUNNER_TEMP\\setup-texlive-action\\2012\\texmf-var
TEXMFHOME $RUNNER_TEMP\\setup-texlive-action\\texmf-local
TEXMFCONFIG $RUNNER_TEMP\\setup-texlive-action\\2012\\texmf-config
TEXMFVAR $RUNNER_TEMP\\setup-texlive-action\\2012\\texmf-var
selected_scheme scheme-minimal
option_adjustrepo 0
option_autobackup 0
option_desktop_integration 0
option_file_assocs 0
option_w32_multi_user 0
option_menu_integration 0
option_doc 0
option_src 0
`;

exports[`2013 > linux > texlive.profile 1`] = `
TEXDIR $RUNNER_TEMP/setup-texlive-action/2013
TEXMFLOCAL $RUNNER_TEMP/setup-texlive-action/texmf-local
TEXMFSYSCONFIG $RUNNER_TEMP/setup-texlive-action/2013/texmf-config
TEXMFSYSVAR $RUNNER_TEMP/setup-texlive-action/2013/texmf-var
TEXMFHOME $RUNNER_TEMP/setup-texlive-action/texmf-local
TEXMFCONFIG $RUNNER_TEMP/setup-texlive-action/2013/texmf-config
TEXMFVAR $RUNNER_TEMP/setup-texlive-action/2013/texmf-var
selected_scheme scheme-minimal
option_adjustrepo 0
option_autobackup 0
option_doc 0
option_src 0
`;

exports[`2013 > win32 > texlive.profile 1`] = `
TEXDIR $RUNNER_TEMP\\setup-texlive-action\\2013
TEXMFLOCAL $RUNNER_TEMP\\setup-texlive-action\\texmf-local
TEXMFSYSCONFIG $RUNNER_TEMP\\setup-texlive-action\\2013\\texmf-config
TEXMFSYSVAR $RUNNER_TEMP\\setup-texlive-action\\2013\\texmf-var
TEXMFHOME $RUNNER_TEMP\\setup-texlive-action\\texmf-local
TEXMFCONFIG $RUNNER_TEMP\\setup-texlive-action\\2013\\texmf-config
TEXMFVAR $RUNNER_TEMP\\setup-texlive-action\\2013\\texmf-var
selected_scheme scheme-minimal
option_adjustrepo 0
option_autobackup 0
option_desktop_integration 0
option_file_assocs 0
option_w32_multi_user 0
option_menu_integration 0
option_doc 0
option_src 0
`;

exports[`2014 > linux > texlive.profile 1`] = `
TEXDIR $RUNNER_TEMP/setup-texlive-action/2014
TEXMFLOCAL $RUNNER_TEMP/setup-texlive-action/texmf-local
TEXMFSYSCONFIG $RUNNER_TEMP/setup-texlive-action/2014/texmf-config
TEXMFSYSVAR $RUNNER_TEMP/setup-texlive-action/2014/texmf-var
TEXMFHOME $RUNNER_TEMP/setup-texlive-action/texmf-local
TEXMFCONFIG $RUNNER_TEMP/setup-texlive-action/2014/texmf-config
TEXMFVAR $RUNNER_TEMP/setup-texlive-action/2014/texmf-var
selected_scheme scheme-minimal
option_adjustrepo 0
option_autobackup 0
option_doc 0
option_src 0
`;

exports[`2014 > win32 > texlive.profile 1`] = `
TEXDIR $RUNNER_TEMP\\setup-texlive-action\\2014
TEXMFLOCAL $RUNNER_TEMP\\setup-texlive-action\\texmf-local
TEXMFSYSCONFIG $RUNNER_TEMP\\setup-texlive-action\\2014\\texmf-config
TEXMFSYSVAR $RUNNER_TEMP\\setup-texlive-action\\2014\\texmf-var
TEXMFHOME $RUNNER_TEMP\\setup-texlive-action\\texmf-local
TEXMFCONFIG $RUNNER_TEMP\\setup-texlive-action\\2014\\texmf-config
TEXMFVAR $RUNNER_TEMP\\setup-texlive-action\\2014\\texmf-var
selected_scheme scheme-minimal
option_adjustrepo 0
option_autobackup 0
option_desktop_integration 0
option_file_assocs 0
option_w32_multi_user 0
option_menu_integration 0
option_doc 0
option_src 0
`;

exports[`2015 > linux > texlive.profile 1`] = `
TEXDIR $RUNNER_TEMP/setup-texlive-action/2015
TEXMFLOCAL $RUNNER_TEMP/setup-texlive-action/texmf-local
TEXMFSYSCONFIG $RUNNER_TEMP/setup-texlive-action/2015/texmf-config
TEXMFSYSVAR $RUNNER_TEMP/setup-texlive-action/2015/texmf-var
TEXMFHOME $RUNNER_TEMP/setup-texlive-action/texmf-local
TEXMFCONFIG $RUNNER_TEMP/setup-texlive-action/2015/texmf-config
TEXMFVAR $RUNNER_TEMP/setup-texlive-action/2015/texmf-var
selected_scheme scheme-minimal
option_adjustrepo 0
option_autobackup 0
option_doc 0
option_src 0
`;

exports[`2015 > win32 > texlive.profile 1`] = `
TEXDIR $RUNNER_TEMP\\setup-texlive-action\\2015
TEXMFLOCAL $RUNNER_TEMP\\setup-texlive-action\\texmf-local
TEXMFSYSCONFIG $RUNNER_TEMP\\setup-texlive-action\\2015\\texmf-config
TEXMFSYSVAR $RUNNER_TEMP\\setup-texlive-action\\2015\\texmf-var
TEXMFHOME $RUNNER_TEMP\\setup-texlive-action\\texmf-local
TEXMFCONFIG $RUNNER_TEMP\\setup-texlive-action\\2015\\texmf-config
TEXMFVAR $RUNNER_TEMP\\setup-texlive-action\\2015\\texmf-var
selected_scheme scheme-minimal
option_adjustrepo 0
option_autobackup 0
option_desktop_integration 0
option_file_assocs 0
option_w32_multi_user 0
option_menu_integration 0
option_doc 0
option_src 0
`;

exports[`2016 > linux > texlive.profile 1`] = `
TEXDIR $RUNNER_TEMP/setup-texlive-action/2016
TEXMFLOCAL $RUNNER_TEMP/setup-texlive-action/texmf-local
TEXMFSYSCONFIG $RUNNER_TEMP/setup-texlive-action/2016/texmf-config
TEXMFSYSVAR $RUNNER_TEMP/setup-texlive-action/2016/texmf-var
TEXMFHOME $RUNNER_TEMP/setup-texlive-action/texmf-local
TEXMFCONFIG $RUNNER_TEMP/setup-texlive-action/2016/texmf-config
TEXMFVAR $RUNNER_TEMP/setup-texlive-action/2016/texmf-var
selected_scheme scheme-infraonly
option_adjustrepo 0
option_autobackup 0
option_doc 0
option_src 0
`;

exports[`2016 > win32 > texlive.profile 1`] = `
TEXDIR $RUNNER_TEMP\\setup-texlive-action\\2016
TEXMFLOCAL $RUNNER_TEMP\\setup-texlive-action\\texmf-local
TEXMFSYSCONFIG $RUNNER_TEMP\\setup-texlive-action\\2016\\texmf-config
TEXMFSYSVAR $RUNNER_TEMP\\setup-texlive-action\\2016\\texmf-var
TEXMFHOME $RUNNER_TEMP\\setup-texlive-action\\texmf-local
TEXMFCONFIG $RUNNER_TEMP\\setup-texlive-action\\2016\\texmf-config
TEXMFVAR $RUNNER_TEMP\\setup-texlive-action\\2016\\texmf-var
selected_scheme scheme-infraonly
option_adjustrepo 0
option_autobackup 0
option_desktop_integration 0
option_file_assocs 0
option_w32_multi_user 0
option_menu_integration 0
option_doc 0
option_src 0
`;

exports[`2017 > linux > texlive.profile 1`] = `
TEXDIR $RUNNER_TEMP/setup-texlive-action/2017
TEXMFLOCAL $RUNNER_TEMP/setup-texlive-action/texmf-local
TEXMFSYSCONFIG $RUNNER_TEMP/setup-texlive-action/2017/texmf-config
TEXMFSYSVAR $RUNNER_TEMP/setup-texlive-action/2017/texmf-var
TEXMFHOME $RUNNER_TEMP/setup-texlive-action/texmf-local
TEXMFCONFIG $RUNNER_TEMP/setup-texlive-action/2017/texmf-config
TEXMFVAR $RUNNER_TEMP/setup-texlive-action/2017/texmf-var
selected_scheme scheme-infraonly
instopt_adjustrepo 0
tlpdbopt_autobackup 0
tlpdbopt_install_docfiles 0
tlpdbopt_install_srcfiles 0
`;

exports[`2017 > win32 > texlive.profile 1`] = `
TEXDIR $RUNNER_TEMP\\setup-texlive-action\\2017
TEXMFLOCAL $RUNNER_TEMP\\setup-texlive-action\\texmf-local
TEXMFSYSCONFIG $RUNNER_TEMP\\setup-texlive-action\\2017\\texmf-config
TEXMFSYSVAR $RUNNER_TEMP\\setup-texlive-action\\2017\\texmf-var
TEXMFHOME $RUNNER_TEMP\\setup-texlive-action\\texmf-local
TEXMFCONFIG $RUNNER_TEMP\\setup-texlive-action\\2017\\texmf-config
TEXMFVAR $RUNNER_TEMP\\setup-texlive-action\\2017\\texmf-var
selected_scheme scheme-infraonly
instopt_adjustrepo 0
tlpdbopt_autobackup 0
tlpdbopt_install_docfiles 0
tlpdbopt_install_srcfiles 0
tlpdbopt_desktop_integration 0
tlpdbopt_file_assocs 0
tlpdbopt_w32_multi_user 0
`;

exports[`2018 > linux > texlive.profile 1`] = `
TEXDIR $RUNNER_TEMP/setup-texlive-action/2018
TEXMFLOCAL $RUNNER_TEMP/setup-texlive-action/texmf-local
TEXMFSYSCONFIG $RUNNER_TEMP/setup-texlive-action/2018/texmf-config
TEXMFSYSVAR $RUNNER_TEMP/setup-texlive-action/2018/texmf-var
TEXMFHOME $RUNNER_TEMP/setup-texlive-action/texmf-local
TEXMFCONFIG $RUNNER_TEMP/setup-texlive-action/2018/texmf-config
TEXMFVAR $RUNNER_TEMP/setup-texlive-action/2018/texmf-var
selected_scheme scheme-infraonly
instopt_adjustrepo 0
tlpdbopt_autobackup 0
tlpdbopt_install_docfiles 0
tlpdbopt_install_srcfiles 0
`;

exports[`2018 > win32 > texlive.profile 1`] = `
TEXDIR $RUNNER_TEMP\\setup-texlive-action\\2018
TEXMFLOCAL $RUNNER_TEMP\\setup-texlive-action\\texmf-local
TEXMFSYSCONFIG $RUNNER_TEMP\\setup-texlive-action\\2018\\texmf-config
TEXMFSYSVAR $RUNNER_TEMP\\setup-texlive-action\\2018\\texmf-var
TEXMFHOME $RUNNER_TEMP\\setup-texlive-action\\texmf-local
TEXMFCONFIG $RUNNER_TEMP\\setup-texlive-action\\2018\\texmf-config
TEXMFVAR $RUNNER_TEMP\\setup-texlive-action\\2018\\texmf-var
selected_scheme scheme-infraonly
instopt_adjustrepo 0
tlpdbopt_autobackup 0
tlpdbopt_install_docfiles 0
tlpdbopt_install_srcfiles 0
tlpdbopt_desktop_integration 0
tlpdbopt_file_assocs 0
tlpdbopt_w32_multi_user 0
`;

exports[`2019 > linux > texlive.profile 1`] = `
TEXDIR $RUNNER_TEMP/setup-texlive-action/2019
TEXMFLOCAL $RUNNER_TEMP/setup-texlive-action/texmf-local
TEXMFSYSCONFIG $RUNNER_TEMP/setup-texlive-action/2019/texmf-config
TEXMFSYSVAR $RUNNER_TEMP/setup-texlive-action/2019/texmf-var
TEXMFHOME $RUNNER_TEMP/setup-texlive-action/texmf-local
TEXMFCONFIG $RUNNER_TEMP/setup-texlive-action/2019/texmf-config
TEXMFVAR $RUNNER_TEMP/setup-texlive-action/2019/texmf-var
selected_scheme scheme-infraonly
instopt_adjustpath 0
instopt_adjustrepo 0
tlpdbopt_autobackup 0
tlpdbopt_install_docfiles 0
tlpdbopt_install_srcfiles 0
`;

exports[`2019 > win32 > texlive.profile 1`] = `
TEXDIR $RUNNER_TEMP\\setup-texlive-action\\2019
TEXMFLOCAL $RUNNER_TEMP\\setup-texlive-action\\texmf-local
TEXMFSYSCONFIG $RUNNER_TEMP\\setup-texlive-action\\2019\\texmf-config
TEXMFSYSVAR $RUNNER_TEMP\\setup-texlive-action\\2019\\texmf-var
TEXMFHOME $RUNNER_TEMP\\setup-texlive-action\\texmf-local
TEXMFCONFIG $RUNNER_TEMP\\setup-texlive-action\\2019\\texmf-config
TEXMFVAR $RUNNER_TEMP\\setup-texlive-action\\2019\\texmf-var
selected_scheme scheme-infraonly
instopt_adjustpath 0
instopt_adjustrepo 0
tlpdbopt_autobackup 0
tlpdbopt_install_docfiles 0
tlpdbopt_install_srcfiles 0
tlpdbopt_desktop_integration 0
tlpdbopt_file_assocs 0
tlpdbopt_w32_multi_user 0
`;

exports[`2020 > linux > texlive.profile 1`] = `
TEXDIR $RUNNER_TEMP/setup-texlive-action/2020
TEXMFLOCAL $RUNNER_TEMP/setup-texlive-action/texmf-local
TEXMFSYSCONFIG $RUNNER_TEMP/setup-texlive-action/2020/texmf-config
TEXMFSYSVAR $RUNNER_TEMP/setup-texlive-action/2020/texmf-var
TEXMFHOME $RUNNER_TEMP/setup-texlive-action/texmf-local
TEXMFCONFIG $RUNNER_TEMP/setup-texlive-action/2020/texmf-config
TEXMFVAR $RUNNER_TEMP/setup-texlive-action/2020/texmf-var
selected_scheme scheme-infraonly
instopt_adjustpath 0
instopt_adjustrepo 0
tlpdbopt_autobackup 0
tlpdbopt_install_docfiles 0
tlpdbopt_install_srcfiles 0
`;

exports[`2020 > win32 > texlive.profile 1`] = `
TEXDIR $RUNNER_TEMP\\setup-texlive-action\\2020
TEXMFLOCAL $RUNNER_TEMP\\setup-texlive-action\\texmf-local
TEXMFSYSCONFIG $RUNNER_TEMP\\setup-texlive-action\\2020\\texmf-config
TEXMFSYSVAR $RUNNER_TEMP\\setup-texlive-action\\2020\\texmf-var
TEXMFHOME $RUNNER_TEMP\\setup-texlive-action\\texmf-local
TEXMFCONFIG $RUNNER_TEMP\\setup-texlive-action\\2020\\texmf-config
TEXMFVAR $RUNNER_TEMP\\setup-texlive-action\\2020\\texmf-var
selected_scheme scheme-infraonly
instopt_adjustpath 0
instopt_adjustrepo 0
tlpdbopt_autobackup 0
tlpdbopt_install_docfiles 0
tlpdbopt_install_srcfiles 0
tlpdbopt_desktop_integration 0
tlpdbopt_file_assocs 0
tlpdbopt_w32_multi_user 0
`;

exports[`2021 > linux > texlive.profile 1`] = `
TEXDIR $RUNNER_TEMP/setup-texlive-action/2021
TEXMFLOCAL $RUNNER_TEMP/setup-texlive-action/texmf-local
TEXMFSYSCONFIG $RUNNER_TEMP/setup-texlive-action/2021/texmf-config
TEXMFSYSVAR $RUNNER_TEMP/setup-texlive-action/2021/texmf-var
TEXMFHOME $RUNNER_TEMP/setup-texlive-action/texmf-local
TEXMFCONFIG $RUNNER_TEMP/setup-texlive-action/2021/texmf-config
TEXMFVAR $RUNNER_TEMP/setup-texlive-action/2021/texmf-var
selected_scheme scheme-infraonly
instopt_adjustpath 0
instopt_adjustrepo 0
tlpdbopt_autobackup 0
tlpdbopt_install_docfiles 0
tlpdbopt_install_srcfiles 0
`;

exports[`2021 > win32 > texlive.profile 1`] = `
TEXDIR $RUNNER_TEMP\\setup-texlive-action\\2021
TEXMFLOCAL $RUNNER_TEMP\\setup-texlive-action\\texmf-local
TEXMFSYSCONFIG $RUNNER_TEMP\\setup-texlive-action\\2021\\texmf-config
TEXMFSYSVAR $RUNNER_TEMP\\setup-texlive-action\\2021\\texmf-var
TEXMFHOME $RUNNER_TEMP\\setup-texlive-action\\texmf-local
TEXMFCONFIG $RUNNER_TEMP\\setup-texlive-action\\2021\\texmf-config
TEXMFVAR $RUNNER_TEMP\\setup-texlive-action\\2021\\texmf-var
selected_scheme scheme-infraonly
instopt_adjustpath 0
instopt_adjustrepo 0
tlpdbopt_autobackup 0
tlpdbopt_install_docfiles 0
tlpdbopt_install_srcfiles 0
tlpdbopt_desktop_integration 0
tlpdbopt_file_assocs 0
tlpdbopt_w32_multi_user 0
`;

exports[`2022 > linux > texlive.profile 1`] = `
TEXDIR $RUNNER_TEMP/setup-texlive-action/2022
TEXMFLOCAL $RUNNER_TEMP/setup-texlive-action/texmf-local
TEXMFSYSCONFIG $RUNNER_TEMP/setup-texlive-action/2022/texmf-config
TEXMFSYSVAR $RUNNER_TEMP/setup-texlive-action/2022/texmf-var
TEXMFHOME $RUNNER_TEMP/setup-texlive-action/texmf-local
TEXMFCONFIG $RUNNER_TEMP/setup-texlive-action/2022/texmf-config
TEXMFVAR $RUNNER_TEMP/setup-texlive-action/2022/texmf-var
selected_scheme scheme-infraonly
instopt_adjustpath 0
instopt_adjustrepo 0
tlpdbopt_autobackup 0
tlpdbopt_install_docfiles 0
tlpdbopt_install_srcfiles 0
`;

exports[`2022 > win32 > texlive.profile 1`] = `
TEXDIR $RUNNER_TEMP\\setup-texlive-action\\2022
TEXMFLOCAL $RUNNER_TEMP\\setup-texlive-action\\texmf-local
TEXMFSYSCONFIG $RUNNER_TEMP\\setup-texlive-action\\2022\\texmf-config
TEXMFSYSVAR $RUNNER_TEMP\\setup-texlive-action\\2022\\texmf-var
TEXMFHOME $RUNNER_TEMP\\setup-texlive-action\\texmf-local
TEXMFCONFIG $RUNNER_TEMP\\setup-texlive-action\\2022\\texmf-config
TEXMFVAR $RUNNER_TEMP\\setup-texlive-action\\2022\\texmf-var
selected_scheme scheme-infraonly
instopt_adjustpath 0
instopt_adjustrepo 0
tlpdbopt_autobackup 0
tlpdbopt_install_docfiles 0
tlpdbopt_install_srcfiles 0
tlpdbopt_desktop_integration 0
tlpdbopt_file_assocs 0
tlpdbopt_w32_multi_user 0
`;

exports[`2023 > linux > texlive.profile 1`] = `
TEXDIR $RUNNER_TEMP/setup-texlive-action/2023
TEXMFLOCAL $RUNNER_TEMP/setup-texlive-action/texmf-local
TEXMFSYSCONFIG $RUNNER_TEMP/setup-texlive-action/2023/texmf-config
TEXMFSYSVAR $RUNNER_TEMP/setup-texlive-action/2023/texmf-var
TEXMFHOME $RUNNER_TEMP/setup-texlive-action/texmf-local
TEXMFCONFIG $RUNNER_TEMP/setup-texlive-action/2023/texmf-config
TEXMFVAR $RUNNER_TEMP/setup-texlive-action/2023/texmf-var
selected_scheme scheme-infraonly
instopt_adjustpath 0
instopt_adjustrepo 0
tlpdbopt_autobackup 0
tlpdbopt_install_docfiles 0
tlpdbopt_install_srcfiles 0
`;

exports[`2023 > win32 > texlive.profile 1`] = `
TEXDIR $RUNNER_TEMP\\setup-texlive-action\\2023
TEXMFLOCAL $RUNNER_TEMP\\setup-texlive-action\\texmf-local
TEXMFSYSCONFIG $RUNNER_TEMP\\setup-texlive-action\\2023\\texmf-config
TEXMFSYSVAR $RUNNER_TEMP\\setup-texlive-action\\2023\\texmf-var
TEXMFHOME $RUNNER_TEMP\\setup-texlive-action\\texmf-local
TEXMFCONFIG $RUNNER_TEMP\\setup-texlive-action\\2023\\texmf-config
TEXMFVAR $RUNNER_TEMP\\setup-texlive-action\\2023\\texmf-var
selected_scheme scheme-infraonly
instopt_adjustpath 0
instopt_adjustrepo 0
tlpdbopt_autobackup 0
tlpdbopt_install_docfiles 0
tlpdbopt_install_srcfiles 0
tlpdbopt_desktop_integration 0
tlpdbopt_file_assocs 0
tlpdbopt_w32_multi_user 0
`;

exports[`2024 > linux > texlive.profile 1`] = `
TEXDIR $RUNNER_TEMP/setup-texlive-action/2024
TEXMFLOCAL $RUNNER_TEMP/setup-texlive-action/texmf-local
TEXMFSYSCONFIG $RUNNER_TEMP/setup-texlive-action/2024/texmf-config
TEXMFSYSVAR $RUNNER_TEMP/setup-texlive-action/2024/texmf-var
TEXMFHOME $RUNNER_TEMP/setup-texlive-action/texmf-local
TEXMFCONFIG $RUNNER_TEMP/setup-texlive-action/2024/texmf-config
TEXMFVAR $RUNNER_TEMP/setup-texlive-action/2024/texmf-var
selected_scheme scheme-infraonly
instopt_adjustpath 0
instopt_adjustrepo 0
tlpdbopt_autobackup 0
tlpdbopt_install_docfiles 0
tlpdbopt_install_srcfiles 0
`;

exports[`2024 > win32 > texlive.profile 1`] = `
TEXDIR $RUNNER_TEMP\\setup-texlive-action\\2024
TEXMFLOCAL $RUNNER_TEMP\\setup-texlive-action\\texmf-local
TEXMFSYSCONFIG $RUNNER_TEMP\\setup-texlive-action\\2024\\texmf-config
TEXMFSYSVAR $RUNNER_TEMP\\setup-texlive-action\\2024\\texmf-var
TEXMFHOME $RUNNER_TEMP\\setup-texlive-action\\texmf-local
TEXMFCONFIG $RUNNER_TEMP\\setup-texlive-action\\2024\\texmf-config
TEXMFVAR $RUNNER_TEMP\\setup-texlive-action\\2024\\texmf-var
selected_scheme scheme-infraonly
instopt_adjustpath 0
instopt_adjustrepo 0
tlpdbopt_autobackup 0
tlpdbopt_install_docfiles 0
tlpdbopt_install_srcfiles 0
tlpdbopt_desktop_integration 0
tlpdbopt_file_assocs 0
tlpdbopt_w32_multi_user 0
`;
